npm warn Unknown cli config "--colors". This will stop working in the next major version of npm.

> nextjs-solid-boilerplate@1.0.0 test
> jest

FAIL modules/logic/orders-logic/tests/services/OrdersService.test.ts
  ÔùÅ OrdersService ÔÇ║ getOrder ÔÇ║ should throw error when id is empty

    expect(received).rejects.toThrow()

    Received promise resolved instead of rejected
    Resolved to value: undefined

      126 |
      127 |     it("should throw error when id is empty", async () => {
    > 128 |       await expect(ordersService.getOrder("")).rejects.toThrow(
          |             ^
      129 |         "Order ID is required",
      130 |       );
      131 |       expect(mockRepository.findById).not.toHaveBeenCalled();

      at expect (node_modules/.pnpm/expect@29.7.0/node_modules/expect/build/index.js:113:15)
      at Object.expect (modules/logic/orders-logic/tests/services/OrdersService.test.ts:128:13)

  ÔùÅ OrdersService ÔÇ║ createOrder ÔÇ║ should create order successfully

    TypeError: Cannot read properties of undefined (reading 'mockReturnValue')

      225 |
      226 |     it("should create order successfully", async () => {
    > 227 |       mockValidation.validateCreateOrder.mockReturnValue(validInput);
          |                                          ^
      228 |       mockRepository.create.mockResolvedValue(mockOrder);
      229 |
      230 |       const result = await ordersService.createOrder(validInput);

      at Object.mockReturnValue (modules/logic/orders-logic/tests/services/OrdersService.test.ts:227:42)

  ÔùÅ OrdersService ÔÇ║ createOrder ÔÇ║ should validate input before creating

    TypeError: Cannot read properties of undefined (reading 'mockImplementation')

      240 |       const callOrder: string[] = [];
      241 |
    > 242 |       mockValidation.validateCreateOrder.mockImplementation((data) => {
          |                                          ^
      243 |         callOrder.push("validate");
      244 |         return data as CreateOrderDTO;
      245 |       });

      at Object.mockImplementation (modules/logic/orders-logic/tests/services/OrdersService.test.ts:242:42)

  ÔùÅ OrdersService ÔÇ║ createOrder ÔÇ║ should throw error when validation fails

    TypeError: Cannot read properties of undefined (reading 'mockImplementation')

      255 |
      256 |     it("should throw error when validation fails", async () => {
    > 257 |       mockValidation.validateCreateOrder.mockImplementation(() => {
          |                                          ^
      258 |         throw new Error("Validation failed: buyerId is required");
      259 |       });
      260 |

      at Object.mockImplementation (modules/logic/orders-logic/tests/services/OrdersService.test.ts:257:42)

  ÔùÅ OrdersService ÔÇ║ updateOrder ÔÇ║ should update order successfully

    TypeError: Cannot read properties of undefined (reading 'mockReturnValue')

      278 |     it("should update order successfully", async () => {
      279 |       mockRepository.exists.mockResolvedValue(true);
    > 280 |       mockValidation.validateUpdateOrder.mockReturnValue(validUpdate);
          |                                          ^
      281 |       const updatedOrder = { ...mockOrder, ...validUpdate };
      282 |       mockRepository.update.mockResolvedValue(updatedOrder);
      283 |

      at Object.mockReturnValue (modules/logic/orders-logic/tests/services/OrdersService.test.ts:280:42)

  ÔùÅ OrdersService ÔÇ║ getOrdersByBuyer ÔÇ║ should get buyer orders successfully

    expect(jest.fn()).toHaveBeenCalledWith(...expected)

    Expected: ObjectContaining {"buyerId": "buyer-123"}
    Received: undefined

    Number of calls: 1

      429 |       const result = await ordersService.getOrdersByBuyer("buyer-123");
      430 |
    > 431 |       expect(mockRepository.findMany).toHaveBeenCalledWith(
          |                                       ^
      432 |         expect.objectContaining({ buyerId: "buyer-123" }),
      433 |       );
      434 |       expect(result).toEqual(mockOrderList);

      at Object.toHaveBeenCalledWith (modules/logic/orders-logic/tests/services/OrdersService.test.ts:431:39)

  ÔùÅ OrdersService ÔÇ║ getOrdersByBuyer ÔÇ║ should throw error when buyerId is empty

    expect(received).rejects.toThrow()

    Received promise resolved instead of rejected
    Resolved to value: undefined

      436 |
      437 |     it("should throw error when buyerId is empty", async () => {
    > 438 |       await expect(ordersService.getOrdersByBuyer("")).rejects.toThrow(
          |             ^
      439 |         "Buyer ID is required",
      440 |       );
      441 |     });

      at expect (node_modules/.pnpm/expect@29.7.0/node_modules/expect/build/index.js:113:15)
      at Object.expect (modules/logic/orders-logic/tests/services/OrdersService.test.ts:438:13)

  ÔùÅ OrdersService ÔÇ║ getOrdersBySeller ÔÇ║ should get seller orders successfully

    expect(jest.fn()).toHaveBeenCalledWith(...expected)

    Expected: ObjectContaining {"sellerId": "seller-456"}
    Received: undefined

    Number of calls: 1

      452 |       const result = await ordersService.getOrdersBySeller("seller-456");
      453 |
    > 454 |       expect(mockRepository.findMany).toHaveBeenCalledWith(
          |                                       ^
      455 |         expect.objectContaining({ sellerId: "seller-456" }),
      456 |       );
      457 |       expect(result).toEqual(mockOrderList);

      at Object.toHaveBeenCalledWith (modules/logic/orders-logic/tests/services/OrdersService.test.ts:454:39)

  ÔùÅ OrdersService ÔÇ║ getOrdersBySeller ÔÇ║ should filter seller orders by status

    expect(jest.fn()).toHaveBeenCalledWith(...expected)

    Expected: ObjectContaining {"sellerId": "seller-456", "status": "pending"}
    Received: undefined

    Number of calls: 1

      464 |       await ordersService.getOrdersBySeller("seller-456", filters);
      465 |
    > 466 |       expect(mockRepository.findMany).toHaveBeenCalledWith(
          |                                       ^
      467 |         expect.objectContaining({ sellerId: "seller-456", ...filters }),
      468 |       );
      469 |     });

      at Object.toHaveBeenCalledWith (modules/logic/orders-logic/tests/services/OrdersService.test.ts:466:39)

  ÔùÅ OrdersService ÔÇ║ Integration Scenarios ÔÇ║ should handle complete order flow

    TypeError: Cannot read properties of undefined (reading 'mockReturnValue')

      510 |
      511 |       // Create
    > 512 |       mockValidation.validateCreateOrder.mockReturnValue(createInput);
          |                                          ^
      513 |       mockRepository.create.mockResolvedValue(mockOrder);
      514 |       const created = await ordersService.createOrder(createInput);
      515 |       expect(created.status).toBe("pending");

      at Object.mockReturnValue (modules/logic/orders-logic/tests/services/OrdersService.test.ts:512:42)

FAIL specs/archive/phase-2-services/contracts/tests/storage-service.contract.test.ts
  ÔùÅ StorageService Contract Tests ÔÇ║ Basic Storage Operations Contract ÔÇ║ should implement set method with correct signature

    TypeError: Cannot read properties of null (reading 'set')

      50 |       // Contract: set<T>(key: string, value: T, options?: StorageOptions): Promise<void>
      51 |       expect(storageService).toBeDefined()
    > 52 |       expect(typeof storageService.set).toBe('function')
         |                                    ^
      53 |
      54 |       // This will fail until implementation exists
      55 |       await storageService.set('test-key', 'test-value')

      at Object.set (specs/archive/phase-2-services/contracts/tests/storage-service.contract.test.ts:52:36)

  ÔùÅ StorageService Contract Tests ÔÇ║ Basic Storage Operations Contract ÔÇ║ should implement get method with correct signature

    TypeError: Cannot read properties of null (reading 'get')

      63 |     test('should implement get method with correct signature', async () => {
      64 |       // Contract: get<T>(key: string, defaultValue?: T): Promise<T | null>
    > 65 |       expect(typeof storageService.get).toBe('function')
         |                                    ^
      66 |
      67 |       await storageService.set('test-string', 'hello world')
      68 |       await storageService.set('test-number', 42)

      at Object.get (specs/archive/phase-2-services/contracts/tests/storage-service.contract.test.ts:65:36)

  ÔùÅ StorageService Contract Tests ÔÇ║ Basic Storage Operations Contract ÔÇ║ should return default value for non-existent keys

    TypeError: Cannot read properties of null (reading 'get')

      79 |
      80 |     test('should return default value for non-existent keys', async () => {
    > 81 |       const result = await storageService.get('non-existent-key', 'default-value')
         |                                           ^
      82 |       expect(result).toBe('default-value')
      83 |
      84 |       const resultNull = await storageService.get('non-existent-key')

      at Object.get (specs/archive/phase-2-services/contracts/tests/storage-service.contract.test.ts:81:43)

  ÔùÅ StorageService Contract Tests ÔÇ║ Basic Storage Operations Contract ÔÇ║ should implement remove method with correct signature

    TypeError: Cannot read properties of null (reading 'remove')

      87 |
      88 |     test('should implement remove method with correct signature', async () => {
    > 89 |       expect(typeof storageService.remove).toBe('function')
         |                                    ^
      90 |
      91 |       await storageService.set('test-key', 'test-value')
      92 |       expect(await storageService.get('test-key')).toBe('test-value')

      at Object.remove (specs/archive/phase-2-services/contracts/tests/storage-service.contract.test.ts:89:36)

  ÔùÅ StorageService Contract Tests ÔÇ║ Basic Storage Operations Contract ÔÇ║ should implement clear method with correct signature

    TypeError: Cannot read properties of null (reading 'clear')

       97 |
       98 |     test('should implement clear method with correct signature', async () => {
    >  99 |       expect(typeof storageService.clear).toBe('function')
          |                                    ^
      100 |
      101 |       await storageService.set('key1', 'value1')
      102 |       await storageService.set('key2', 'value2')

      at Object.clear (specs/archive/phase-2-services/contracts/tests/storage-service.contract.test.ts:99:36)

  ÔùÅ StorageService Contract Tests ÔÇ║ Basic Storage Operations Contract ÔÇ║ should implement keys method with correct signature

    TypeError: Cannot read properties of null (reading 'keys')

      111 |
      112 |     test('should implement keys method with correct signature', async () => {
    > 113 |       expect(typeof storageService.keys).toBe('function')
          |                                    ^
      114 |
      115 |       await storageService.set('key1', 'value1')
      116 |       await storageService.set('key2', 'value2')

      at Object.keys (specs/archive/phase-2-services/contracts/tests/storage-service.contract.test.ts:113:36)

  ÔùÅ StorageService Contract Tests ÔÇ║ Storage Options Contract ÔÇ║ should respect TTL (time to live) option

    TypeError: Cannot read properties of null (reading 'set')

      132 |       }
      133 |
    > 134 |       await storageService.set('ttl-test', 'value', options)
          |                            ^
      135 |       expect(await storageService.get('ttl-test')).toBe('value')
      136 |
      137 |       // Wait for TTL to expire

      at Object.set (specs/archive/phase-2-services/contracts/tests/storage-service.contract.test.ts:134:28)

  ÔùÅ StorageService Contract Tests ÔÇ║ Storage Options Contract ÔÇ║ should support different storage providers

    TypeError: Cannot read properties of null (reading 'set')

      150 |       }
      151 |
    > 152 |       await storageService.set('local-key', 'local-value', localStorageOptions)
          |                            ^
      153 |       await storageService.set('session-key', 'session-value', sessionStorageOptions)
      154 |
      155 |       expect(await storageService.get('local-key')).toBe('local-value')

      at Object.set (specs/archive/phase-2-services/contracts/tests/storage-service.contract.test.ts:152:28)

  ÔùÅ StorageService Contract Tests ÔÇ║ Storage Options Contract ÔÇ║ should support compression option

    TypeError: Cannot read properties of null (reading 'set')

      163 |       }
      164 |
    > 165 |       await storageService.set('large-data', largeData, options)
          |                            ^
      166 |       const retrieved = await storageService.get('large-data')
      167 |
      168 |       expect(retrieved).toBe(largeData)

      at Object.set (specs/archive/phase-2-services/contracts/tests/storage-service.contract.test.ts:165:28)

  ÔùÅ StorageService Contract Tests ÔÇ║ Storage Options Contract ÔÇ║ should support cross-tab synchronization

    TypeError: Cannot read properties of null (reading 'set')

      175 |
      176 |       // This test validates the sync option is respected
    > 177 |       await storageService.set('sync-test', 'sync-value', options)
          |                            ^
      178 |       expect(await storageService.get('sync-test')).toBe('sync-value')
      179 |     })
      180 |   })

      at Object.set (specs/archive/phase-2-services/contracts/tests/storage-service.contract.test.ts:177:28)

  ÔùÅ StorageService Contract Tests ÔÇ║ Secure Storage Operations Contract ÔÇ║ should implement setSecure method with correct signature

    TypeError: Cannot read properties of null (reading 'setSecure')

      182 |   describe('Secure Storage Operations Contract', () => {
      183 |     test('should implement setSecure method with correct signature', async () => {
    > 184 |       expect(typeof storageService.setSecure).toBe('function')
          |                                    ^
      185 |
      186 |       const sensitiveData = {
      187 |         token: 'secret-token-123',

      at Object.setSecure (specs/archive/phase-2-services/contracts/tests/storage-service.contract.test.ts:184:36)

  ÔùÅ StorageService Contract Tests ÔÇ║ Secure Storage Operations Contract ÔÇ║ should implement getSecure method with correct signature

    TypeError: Cannot read properties of null (reading 'getSecure')

      200 |
      201 |     test('should implement getSecure method with correct signature', async () => {
    > 202 |       expect(typeof storageService.getSecure).toBe('function')
          |                                    ^
      203 |
      204 |       const sensitiveData = {
      205 |         password: 'secret-password',

      at Object.getSecure (specs/archive/phase-2-services/contracts/tests/storage-service.contract.test.ts:202:36)

  ÔùÅ StorageService Contract Tests ÔÇ║ Secure Storage Operations Contract ÔÇ║ should encrypt data when using secure storage

    TypeError: Cannot read properties of null (reading 'setSecure')

      216 |       const plainData = { secret: 'top-secret-data' }
      217 |
    > 218 |       await storageService.setSecure('encrypted-test', plainData)
          |                            ^
      219 |
      220 |       // Check that raw storage doesn't contain plain text
      221 |       // This will need to be implemented based on actual storage provider

      at Object.setSecure (specs/archive/phase-2-services/contracts/tests/storage-service.contract.test.ts:218:28)

  ÔùÅ StorageService Contract Tests ÔÇ║ Secure Storage Operations Contract ÔÇ║ should support key rotation with keyId

    TypeError: Cannot read properties of null (reading 'setSecure')

      227 |       const data = { value: 'test-data' }
      228 |
    > 229 |       await storageService.setSecure('key-rotation-test', data, { keyId: 'key-v1' })
          |                            ^
      230 |       let retrieved = await storageService.getSecure('key-rotation-test')
      231 |       expect(retrieved).toEqual(data)
      232 |

      at Object.setSecure (specs/archive/phase-2-services/contracts/tests/storage-service.contract.test.ts:229:28)

  ÔùÅ StorageService Contract Tests ÔÇ║ Storage Events Contract ÔÇ║ should implement subscribe method with correct signature

    TypeError: Cannot read properties of null (reading 'subscribe')

      240 |   describe('Storage Events Contract', () => {
      241 |     test('should implement subscribe method with correct signature', () => {
    > 242 |       expect(typeof storageService.subscribe).toBe('function')
          |                                    ^
      243 |
      244 |       const callback = jest.fn()
      245 |       const unsubscribe = storageService.subscribe(callback)

      at Object.subscribe (specs/archive/phase-2-services/contracts/tests/storage-service.contract.test.ts:242:36)

  ÔùÅ StorageService Contract Tests ÔÇ║ Storage Events Contract ÔÇ║ should trigger events on storage changes

    TypeError: Cannot read properties of null (reading 'subscribe')

      250 |     test('should trigger events on storage changes', async () => {
      251 |       const callback = jest.fn()
    > 252 |       const unsubscribe = storageService.subscribe(callback)
          |                                          ^
      253 |
      254 |       try {
      255 |         await storageService.set('event-test', 'initial-value')

      at Object.subscribe (specs/archive/phase-2-services/contracts/tests/storage-service.contract.test.ts:252:42)

  ÔùÅ StorageService Contract Tests ÔÇ║ Storage Events Contract ÔÇ║ should support multiple subscribers

    TypeError: Cannot read properties of null (reading 'subscribe')

      288 |       const callback2 = jest.fn()
      289 |
    > 290 |       const unsubscribe1 = storageService.subscribe(callback1)
          |                                           ^
      291 |       const unsubscribe2 = storageService.subscribe(callback2)
      292 |
      293 |       try {

      at Object.subscribe (specs/archive/phase-2-services/contracts/tests/storage-service.contract.test.ts:290:43)

  ÔùÅ StorageService Contract Tests ÔÇ║ Storage Events Contract ÔÇ║ should stop events after unsubscribe

    TypeError: Cannot read properties of null (reading 'subscribe')

      304 |     test('should stop events after unsubscribe', async () => {
      305 |       const callback = jest.fn()
    > 306 |       const unsubscribe = storageService.subscribe(callback)
          |                                          ^
      307 |
      308 |       await storageService.set('unsub-test', 'value1')
      309 |       expect(callback).toHaveBeenCalledTimes(1)

      at Object.subscribe (specs/archive/phase-2-services/contracts/tests/storage-service.contract.test.ts:306:42)

  ÔùÅ StorageService Contract Tests ÔÇ║ Quota Management Contract ÔÇ║ should implement getUsage method with correct signature

    TypeError: Cannot read properties of null (reading 'getUsage')

      318 |   describe('Quota Management Contract', () => {
      319 |     test('should implement getUsage method with correct signature', async () => {
    > 320 |       expect(typeof storageService.getUsage).toBe('function')
          |                                    ^
      321 |
      322 |       const usage = await storageService.getUsage()
      323 |

      at Object.getUsage (specs/archive/phase-2-services/contracts/tests/storage-service.contract.test.ts:320:36)

  ÔùÅ StorageService Contract Tests ÔÇ║ Quota Management Contract ÔÇ║ should implement cleanup method with correct signature

    TypeError: Cannot read properties of null (reading 'cleanup')

      337 |
      338 |     test('should implement cleanup method with correct signature', async () => {
    > 339 |       expect(typeof storageService.cleanup).toBe('function')
          |                                    ^
      340 |
      341 |       // Add some test data
      342 |       await storageService.set('cleanup-test-1', 'value1')

      at Object.cleanup (specs/archive/phase-2-services/contracts/tests/storage-service.contract.test.ts:339:36)

  ÔùÅ StorageService Contract Tests ÔÇ║ Quota Management Contract ÔÇ║ should support TTL cleanup strategy

    TypeError: Cannot read properties of null (reading 'set')

      359 |     test('should support TTL cleanup strategy', async () => {
      360 |       // Set items with timestamps
    > 361 |       await storageService.set('old-item', 'value', { ttl: 50 })
          |                            ^
      362 |       await storageService.set('new-item', 'value')
      363 |
      364 |       // Wait for TTL expiration

      at Object.set (specs/archive/phase-2-services/contracts/tests/storage-service.contract.test.ts:361:28)

  ÔùÅ StorageService Contract Tests ÔÇ║ Quota Management Contract ÔÇ║ should support LRU cleanup strategy

    TypeError: Cannot read properties of null (reading 'set')

      377 |
      378 |     test('should support LRU cleanup strategy', async () => {
    > 379 |       await storageService.set('item1', 'value1')
          |                            ^
      380 |       await storageService.set('item2', 'value2')
      381 |       await storageService.set('item3', 'value3')
      382 |       await storageService.set('item4', 'value4')

      at Object.set (specs/archive/phase-2-services/contracts/tests/storage-service.contract.test.ts:379:28)

  ÔùÅ StorageService Contract Tests ÔÇ║ Error Handling Contract ÔÇ║ should throw StorageError for storage failures

    TypeError: Cannot read properties of null (reading 'set')

      409 |       try {
      410 |         await expect(
    > 411 |           storageService.set('error-test', 'value')
          |                          ^
      412 |         ).rejects.toThrow(StorageError)
      413 |       } finally {
      414 |         localStorage.setItem = originalSetItem

      at Object.set (specs/archive/phase-2-services/contracts/tests/storage-service.contract.test.ts:411:26)

  ÔùÅ StorageService Contract Tests ÔÇ║ Error Handling Contract ÔÇ║ should throw StorageQuotaError when quota exceeded

    TypeError: Cannot read properties of null (reading 'set')

      422 |
      423 |       await expect(
    > 424 |         storageService.set('quota-test', largeData)
          |                        ^
      425 |       ).rejects.toThrow(StorageQuotaError)
      426 |     })
      427 |

      at Object.set (specs/archive/phase-2-services/contracts/tests/storage-service.contract.test.ts:424:24)

  ÔùÅ StorageService Contract Tests ÔÇ║ Error Handling Contract ÔÇ║ should throw EncryptionError for encryption failures

    TypeError: Cannot read properties of null (reading 'setSecure')

      434 |       try {
      435 |         await expect(
    > 436 |           storageService.setSecure('encryption-test', 'value')
          |                          ^
      437 |         ).rejects.toThrow(EncryptionError)
      438 |       } finally {
      439 |         global.crypto = originalCrypto

      at Object.setSecure (specs/archive/phase-2-services/contracts/tests/storage-service.contract.test.ts:436:26)

  ÔùÅ StorageService Contract Tests ÔÇ║ Error Handling Contract ÔÇ║ should handle invalid keys gracefully

    TypeError: Cannot read properties of null (reading 'set')

      444 |       // Empty key
      445 |       await expect(
    > 446 |         storageService.set('', 'value')
          |                        ^
      447 |       ).rejects.toThrow()
      448 |
      449 |       // Null key

      at Object.set (specs/archive/phase-2-services/contracts/tests/storage-service.contract.test.ts:446:24)

  ÔùÅ StorageService Contract Tests ÔÇ║ Security Contract ÔÇ║ should not store sensitive data in plain text

    TypeError: Cannot read properties of null (reading 'setSecure')

      467 |       }
      468 |
    > 469 |       await storageService.setSecure('sensitive-test', sensitiveData)
          |                            ^
      470 |
      471 |       // Check raw storage - should not contain plain text
      472 |       const rawKeys = Object.keys(localStorage)

      at Object.setSecure (specs/archive/phase-2-services/contracts/tests/storage-service.contract.test.ts:469:28)

  ÔùÅ StorageService Contract Tests ÔÇ║ Security Contract ÔÇ║ should use unique initialization vectors

    TypeError: Cannot read properties of null (reading 'setSecure')

      480 |
      481 |     test('should use unique initialization vectors', async () => {
    > 482 |       await storageService.setSecure('iv-test-1', 'data1')
          |                            ^
      483 |       await storageService.setSecure('iv-test-2', 'data2')
      484 |
      485 |       // This test validates that different IVs are used

      at Object.setSecure (specs/archive/phase-2-services/contracts/tests/storage-service.contract.test.ts:482:28)

  ÔùÅ StorageService Contract Tests ÔÇ║ Security Contract ÔÇ║ should validate message authenticity in cross-tab sync

    TypeError: Cannot read properties of null (reading 'set')

      495 |       }
      496 |
    > 497 |       await storageService.set('auth-test', 'value', options)
          |                            ^
      498 |
      499 |       // Test should validate message signature/authentication
      500 |       expect(true).toBe(true) // Placeholder

      at Object.set (specs/archive/phase-2-services/contracts/tests/storage-service.contract.test.ts:497:28)

  ÔùÅ StorageService Contract Tests ÔÇ║ Performance Contract ÔÇ║ should complete operations within 100ms

    TypeError: Cannot read properties of null (reading 'set')

      505 |     test('should complete operations within 100ms', async () => {
      506 |       const operations = [
    > 507 |         () => storageService.set('perf-test-1', 'value1'),
          |                              ^
      508 |         () => storageService.get('perf-test-1'),
      509 |         () => storageService.set('perf-test-2', { data: 'complex object' }),
      510 |         () => storageService.remove('perf-test-1'),

      at set (specs/archive/phase-2-services/contracts/tests/storage-service.contract.test.ts:507:30)
      at Object.operation (specs/archive/phase-2-services/contracts/tests/storage-service.contract.test.ts:516:15)

  ÔùÅ StorageService Contract Tests ÔÇ║ Performance Contract ÔÇ║ should handle concurrent operations

    TypeError: Cannot read properties of null (reading 'set')

      523 |     test('should handle concurrent operations', async () => {
      524 |       const operations = Array.from({ length: 10 }, (_, i) =>
    > 525 |         storageService.set(`concurrent-${i}`, `value-${i}`)
          |                        ^
      526 |       )
      527 |
      528 |       const start = Date.now()

      at set (specs/archive/phase-2-services/contracts/tests/storage-service.contract.test.ts:525:24)
          at Array.from (<anonymous>)
      at Object.from (specs/archive/phase-2-services/contracts/tests/storage-service.contract.test.ts:524:32)

  ÔùÅ StorageService Contract Tests ÔÇ║ Performance Contract ÔÇ║ should support large data with compression

    TypeError: Cannot read properties of null (reading 'set')

      551 |
      552 |       const start = Date.now()
    > 553 |       await storageService.set('large-data-test', largeData, options)
          |                            ^
      554 |       const retrieved = await storageService.get('large-data-test')
      555 |       const duration = Date.now() - start
      556 |

      at Object.set (specs/archive/phase-2-services/contracts/tests/storage-service.contract.test.ts:553:28)

  ÔùÅ StorageService Contract Tests ÔÇ║ Browser Compatibility Contract ÔÇ║ should work in incognito/private browsing mode

    TypeError: Cannot read properties of null (reading 'set')

      568 |
      569 |       try {
    > 570 |         await storageService.set('private-test', 'value')
          |                              ^
      571 |         const retrieved = await storageService.get('private-test')
      572 |         expect(retrieved).toBe('value')
      573 |       } finally {

      at Object.set (specs/archive/phase-2-services/contracts/tests/storage-service.contract.test.ts:570:30)

  ÔùÅ StorageService Contract Tests ÔÇ║ Browser Compatibility Contract ÔÇ║ should gracefully handle missing Web Crypto API

    TypeError: Cannot read properties of null (reading 'setSecure')

      584 |         // Should fallback gracefully or throw appropriate error
      585 |         await expect(
    > 586 |           storageService.setSecure('crypto-test', 'value')
          |                          ^
      587 |         ).rejects.toThrow(EncryptionError)
      588 |       } finally {
      589 |         global.crypto = originalCrypto

      at Object.setSecure (specs/archive/phase-2-services/contracts/tests/storage-service.contract.test.ts:586:26)

  ÔùÅ StorageService Contract Tests ÔÇ║ Browser Compatibility Contract ÔÇ║ should handle disabled localStorage

    TypeError: Cannot read properties of null (reading 'set')

      599 |         // Should fallback to alternative storage or throw appropriate error
      600 |         await expect(
    > 601 |           storageService.set('disabled-storage-test', 'value')
          |                          ^
      602 |         ).rejects.toThrow(StorageError)
      603 |       } finally {
      604 |         global.localStorage = originalLocalStorage

      at Object.set (specs/archive/phase-2-services/contracts/tests/storage-service.contract.test.ts:601:26)

FAIL modules/data/products-data/tests/queries/products.queries.test.ts
  ÔùÅ Products Data Queries ÔÇ║ countProducts ÔÇ║ should count products with filters

    TypeError: query.eq is not a function

      214 |
      215 |   if (status) {
    > 216 |     query = query.eq("status", status);
          |                   ^
      217 |   }
      218 |
      219 |   if (min_price !== undefined) {

      at eq (modules/data/products-data/queries/products.queries.ts:216:19)
      at Object.<anonymous> (modules/data/products-data/tests/queries/products.queries.test.ts:271:41)

  ÔùÅ Products Data Queries ÔÇ║ getLowStockProducts ÔÇ║ should filter by seller if provided

    TypeError: query.eq is not a function

      468 |
      469 |   if (sellerId) {
    > 470 |     query = query.eq("seller_id", sellerId);
          |                   ^
      471 |   }
      472 |
      473 |   const { data, error } = await query;

      at eq (modules/data/products-data/queries/products.queries.ts:470:19)
      at Object.<anonymous> (modules/data/products-data/tests/queries/products.queries.test.ts:590:32)

FAIL modules/logic/products-logic/tests/services/ProductsService.test.ts
  ÔùÅ ProductsService ÔÇ║ listProducts ÔÇ║ should list products with custom filters

    expect(jest.fn()).toHaveBeenCalledWith(...expected)

    - Expected
    + Received

      Object {
        "categoryId": "electronics",
        "limit": 10,
        "maxPrice": 200,
        "minPrice": 50,
    +   "offset": 0,
    +   "sortBy": "createdAt",
    +   "sortOrder": "desc",
        "status": "active",
      },

    Number of calls: 1

      140 |
      141 |       expect(mockValidation.validateFilters).toHaveBeenCalledWith(filters);
    > 142 |       expect(mockRepository.findMany).toHaveBeenCalledWith(filters);
          |                                       ^
      143 |       expect(result).toEqual(mockProductList);
      144 |     });
      145 |

      at Object.toHaveBeenCalledWith (modules/logic/products-logic/tests/services/ProductsService.test.ts:142:39)

  ÔùÅ ProductsService ÔÇ║ searchProducts ÔÇ║ should search products by text

    expect(jest.fn()).toHaveBeenCalledWith(...expected)

    Expected: "laptop", undefined
    Received: "laptop"

    Number of calls: 1

      252 |       const result = await productsService.searchProducts("laptop");
      253 |
    > 254 |       expect(mockRepository.search).toHaveBeenCalledWith("laptop", undefined);
          |                                     ^
      255 |       expect(result).toEqual(mockProductList);
      256 |     });
      257 |

      at Object.toHaveBeenCalledWith (modules/logic/products-logic/tests/services/ProductsService.test.ts:254:37)

FAIL specs/archive/phase-2-services/contracts/tests/api-service.contract.test.ts
  ÔùÅ ApiService Contract Tests ÔÇ║ Core HTTP Methods Contract ÔÇ║ should implement get method with correct signature

    TypeError: Cannot read properties of null (reading 'get')

      44 |       // Contract: get<T>(url: string, config?: RequestConfig): Promise<ApiResponse<T>>
      45 |       expect(apiService).toBeDefined()
    > 46 |       expect(typeof apiService.get).toBe('function')
         |                                ^
      47 |
      48 |       // This will fail until implementation exists
      49 |       const response = await apiService.get<{ message: string }>('https://api.example.com/test')

      at Object.get (specs/archive/phase-2-services/contracts/tests/api-service.contract.test.ts:46:32)

  ÔùÅ ApiService Contract Tests ÔÇ║ Core HTTP Methods Contract ÔÇ║ should implement post method with correct signature

    TypeError: Cannot read properties of null (reading 'post')

      58 |     test('should implement post method with correct signature', async () => {
      59 |       // Contract: post<T>(url: string, data?: unknown, config?: RequestConfig): Promise<ApiResponse<T>>
    > 60 |       expect(typeof apiService.post).toBe('function')
         |                                ^
      61 |
      62 |       const testData = { name: 'test', value: 123 }
      63 |       const response = await apiService.post<{ id: string }>('https://api.example.com/create', testData)

      at Object.post (specs/archive/phase-2-services/contracts/tests/api-service.contract.test.ts:60:32)

  ÔùÅ ApiService Contract Tests ÔÇ║ Core HTTP Methods Contract ÔÇ║ should implement put method with correct signature

    TypeError: Cannot read properties of null (reading 'put')

      68 |
      69 |     test('should implement put method with correct signature', async () => {
    > 70 |       expect(typeof apiService.put).toBe('function')
         |                                ^
      71 |
      72 |       const testData = { id: '123', name: 'updated' }
      73 |       const response = await apiService.put<{ id: string }>('https://api.example.com/update/123', testData)

      at Object.put (specs/archive/phase-2-services/contracts/tests/api-service.contract.test.ts:70:32)

  ÔùÅ ApiService Contract Tests ÔÇ║ Core HTTP Methods Contract ÔÇ║ should implement patch method with correct signature

    TypeError: Cannot read properties of null (reading 'patch')

      77 |
      78 |     test('should implement patch method with correct signature', async () => {
    > 79 |       expect(typeof apiService.patch).toBe('function')
         |                                ^
      80 |
      81 |       const testData = { name: 'patched' }
      82 |       const response = await apiService.patch<{ id: string }>('https://api.example.com/patch/123', testData)

      at Object.patch (specs/archive/phase-2-services/contracts/tests/api-service.contract.test.ts:79:32)

  ÔùÅ ApiService Contract Tests ÔÇ║ Core HTTP Methods Contract ÔÇ║ should implement delete method with correct signature

    TypeError: Cannot read properties of null (reading 'delete')

      86 |
      87 |     test('should implement delete method with correct signature', async () => {
    > 88 |       expect(typeof apiService.delete).toBe('function')
         |                                ^
      89 |
      90 |       const response = await apiService.delete<{ success: boolean }>('https://api.example.com/delete/123')
      91 |

      at Object.delete (specs/archive/phase-2-services/contracts/tests/api-service.contract.test.ts:88:32)

  ÔùÅ ApiService Contract Tests ÔÇ║ Core HTTP Methods Contract ÔÇ║ should implement request method with correct signature

    TypeError: Cannot read properties of null (reading 'request')

      94 |
      95 |     test('should implement request method with correct signature', async () => {
    > 96 |       expect(typeof apiService.request).toBe('function')
         |                                ^
      97 |
      98 |       const request: ApiRequest = {
      99 |         url: 'https://api.example.com/custom',

      at Object.request (specs/archive/phase-2-services/contracts/tests/api-service.contract.test.ts:96:32)

  ÔùÅ ApiService Contract Tests ÔÇ║ Request Configuration Contract ÔÇ║ should respect custom headers in request config

    TypeError: Cannot read properties of null (reading 'get')

      118 |       }
      119 |
    > 120 |       const response = await apiService.get('https://api.example.com/protected', config)
          |                                         ^
      121 |
      122 |       // Verify headers were included in request
      123 |       expect(response.config.headers).toEqual(expect.objectContaining(config.headers))

      at Object.get (specs/archive/phase-2-services/contracts/tests/api-service.contract.test.ts:120:41)

  ÔùÅ ApiService Contract Tests ÔÇ║ Request Configuration Contract ÔÇ║ should respect timeout configuration

    TypeError: Cannot read properties of null (reading 'get')

      131 |       // Should complete within timeout
      132 |       const start = Date.now()
    > 133 |       await apiService.get('https://api.example.com/fast', config)
          |                        ^
      134 |       const duration = Date.now() - start
      135 |
      136 |       expect(duration).toBeLessThan(5000)

      at Object.get (specs/archive/phase-2-services/contracts/tests/api-service.contract.test.ts:133:24)

  ÔùÅ ApiService Contract Tests ÔÇ║ Request Configuration Contract ÔÇ║ should handle timeout errors correctly

    TypeError: Cannot read properties of null (reading 'get')

      143 |
      144 |       await expect(
    > 145 |         apiService.get('https://httpbin.org/delay/1', config)
          |                    ^
      146 |       ).rejects.toThrow(TimeoutError)
      147 |     })
      148 |

      at Object.get (specs/archive/phase-2-services/contracts/tests/api-service.contract.test.ts:145:20)

  ÔùÅ ApiService Contract Tests ÔÇ║ Request Configuration Contract ÔÇ║ should support custom validateStatus function

    TypeError: Cannot read properties of null (reading 'get')

      153 |
      154 |       // 404 should be considered success with custom validator
    > 155 |       const response = await apiService.get('https://httpbin.org/status/404', config)
          |                                         ^
      156 |       expect(response.status).toBe(404)
      157 |     })
      158 |   })

      at Object.get (specs/archive/phase-2-services/contracts/tests/api-service.contract.test.ts:155:41)

  ÔùÅ ApiService Contract Tests ÔÇ║ Error Handling Contract ÔÇ║ should throw ApiError for 4xx responses

    TypeError: Cannot read properties of null (reading 'get')

      161 |     test('should throw ApiError for 4xx responses', async () => {
      162 |       await expect(
    > 163 |         apiService.get('https://httpbin.org/status/400')
          |                    ^
      164 |       ).rejects.toThrow(ApiError)
      165 |
      166 |       await expect(

      at Object.get (specs/archive/phase-2-services/contracts/tests/api-service.contract.test.ts:163:20)

  ÔùÅ ApiService Contract Tests ÔÇ║ Error Handling Contract ÔÇ║ should throw ApiError for 5xx responses

    TypeError: Cannot read properties of null (reading 'get')

      171 |     test('should throw ApiError for 5xx responses', async () => {
      172 |       await expect(
    > 173 |         apiService.get('https://httpbin.org/status/500')
          |                    ^
      174 |       ).rejects.toThrow(ApiError)
      175 |
      176 |       await expect(

      at Object.get (specs/archive/phase-2-services/contracts/tests/api-service.contract.test.ts:173:20)

  ÔùÅ ApiService Contract Tests ÔÇ║ Error Handling Contract ÔÇ║ should throw NetworkError for network failures

    TypeError: Cannot read properties of null (reading 'get')

      181 |     test('should throw NetworkError for network failures', async () => {
      182 |       await expect(
    > 183 |         apiService.get('https://nonexistent-domain-for-testing.invalid')
          |                    ^
      184 |       ).rejects.toThrow(NetworkError)
      185 |     })
      186 |

      at Object.get (specs/archive/phase-2-services/contracts/tests/api-service.contract.test.ts:183:20)

  ÔùÅ ApiService Contract Tests ÔÇ║ Error Handling Contract ÔÇ║ should include error details in ApiError

    expect(received).toBeInstanceOf(expected)

    Expected constructor: ApiError
    Received constructor: TypeError

      189 |         await apiService.get('https://httpbin.org/status/400')
      190 |       } catch (error) {
    > 191 |         expect(error).toBeInstanceOf(ApiError)
          |                       ^
      192 |         const apiError = error as ApiError
      193 |         expect(apiError.status).toBe(400)
      194 |         expect(apiError.statusText).toBeDefined()

      at Object.toBeInstanceOf (specs/archive/phase-2-services/contracts/tests/api-service.contract.test.ts:191:23)

  ÔùÅ ApiService Contract Tests ÔÇ║ Interceptor Management Contract ÔÇ║ should implement addRequestInterceptor method

    TypeError: Cannot read properties of null (reading 'addRequestInterceptor')

      200 |   describe('Interceptor Management Contract', () => {
      201 |     test('should implement addRequestInterceptor method', () => {
    > 202 |       expect(typeof apiService.addRequestInterceptor).toBe('function')
          |                                ^
      203 |
      204 |       const interceptor: RequestInterceptor = (request) => {
      205 |         return { ...request, headers: { ...request.headers, 'X-Test': 'true' } }

      at Object.addRequestInterceptor (specs/archive/phase-2-services/contracts/tests/api-service.contract.test.ts:202:32)

  ÔùÅ ApiService Contract Tests ÔÇ║ Interceptor Management Contract ÔÇ║ should implement addResponseInterceptor method

    TypeError: Cannot read properties of null (reading 'addResponseInterceptor')

      212 |
      213 |     test('should implement addResponseInterceptor method', () => {
    > 214 |       expect(typeof apiService.addResponseInterceptor).toBe('function')
          |                                ^
      215 |
      216 |       const interceptor: ResponseInterceptor = {
      217 |         onFulfilled: (response) => response,

      at Object.addResponseInterceptor (specs/archive/phase-2-services/contracts/tests/api-service.contract.test.ts:214:32)

  ÔùÅ ApiService Contract Tests ÔÇ║ Interceptor Management Contract ÔÇ║ should implement removeInterceptor method

    TypeError: Cannot read properties of null (reading 'removeInterceptor')

      225 |
      226 |     test('should implement removeInterceptor method', () => {
    > 227 |       expect(typeof apiService.removeInterceptor).toBe('function')
          |                                ^
      228 |
      229 |       const interceptor: RequestInterceptor = (request) => request
      230 |       const interceptorId = apiService.addRequestInterceptor(interceptor)

      at Object.removeInterceptor (specs/archive/phase-2-services/contracts/tests/api-service.contract.test.ts:227:32)

  ÔùÅ ApiService Contract Tests ÔÇ║ Interceptor Management Contract ÔÇ║ should execute request interceptors

    TypeError: Cannot read properties of null (reading 'addRequestInterceptor')

      242 |       })
      243 |
    > 244 |       const interceptorId = apiService.addRequestInterceptor(mockInterceptor)
          |                                        ^
      245 |
      246 |       try {
      247 |         await apiService.get('https://httpbin.org/headers')

      at Object.addRequestInterceptor (specs/archive/phase-2-services/contracts/tests/api-service.contract.test.ts:244:40)

  ÔùÅ ApiService Contract Tests ÔÇ║ Interceptor Management Contract ÔÇ║ should execute response interceptors

    TypeError: Cannot read properties of null (reading 'addResponseInterceptor')

      261 |       }
      262 |
    > 263 |       const interceptorId = apiService.addResponseInterceptor(interceptor)
          |                                        ^
      264 |
      265 |       try {
      266 |         // Test successful response

      at Object.addResponseInterceptor (specs/archive/phase-2-services/contracts/tests/api-service.contract.test.ts:263:40)

  ÔùÅ ApiService Contract Tests ÔÇ║ Authentication Integration Contract ÔÇ║ should automatically inject auth tokens

    TypeError: Cannot read properties of null (reading 'get')

      298 |
      299 |       // This test will fail until integration is implemented
    > 300 |       const response = await apiService.get('https://httpbin.org/headers')
          |                                         ^
      301 |
      302 |       // Should include Authorization header
      303 |       expect(response.config.headers).toEqual(

      at Object.get (specs/archive/phase-2-services/contracts/tests/api-service.contract.test.ts:300:41)

  ÔùÅ ApiService Contract Tests ÔÇ║ Authentication Integration Contract ÔÇ║ should handle unauthenticated requests

    TypeError: Cannot read properties of null (reading 'get')

      321 |
      322 |       // Should not throw for unauthenticated requests
    > 323 |       const response = await apiService.get('https://httpbin.org/get')
          |                                         ^
      324 |       expect(response.status).toBe(200)
      325 |     })
      326 |   })

      at Object.get (specs/archive/phase-2-services/contracts/tests/api-service.contract.test.ts:323:41)

  ÔùÅ ApiService Contract Tests ÔÇ║ Validation Integration Contract ÔÇ║ should validate requests before sending

    TypeError: Cannot read properties of null (reading 'get')

      330 |       // Invalid URL should be caught by validation
      331 |       await expect(
    > 332 |         apiService.get('not-a-valid-url')
          |                    ^
      333 |       ).rejects.toThrow()
      334 |     })
      335 |

      at Object.get (specs/archive/phase-2-services/contracts/tests/api-service.contract.test.ts:332:20)

  ÔùÅ ApiService Contract Tests ÔÇ║ Validation Integration Contract ÔÇ║ should validate request configuration

    TypeError: Cannot read properties of null (reading 'get')

      340 |
      341 |       await expect(
    > 342 |         apiService.get('https://httpbin.org/get', invalidConfig)
          |                    ^
      343 |       ).rejects.toThrow()
      344 |     })
      345 |   })

      at Object.get (specs/archive/phase-2-services/contracts/tests/api-service.contract.test.ts:342:20)

  ÔùÅ ApiService Contract Tests ÔÇ║ Performance Contract ÔÇ║ should handle concurrent requests

    TypeError: Cannot read properties of null (reading 'get')

      348 |     test('should handle concurrent requests', async () => {
      349 |       const requests = Array.from({ length: 5 }, (_, i) =>
    > 350 |         apiService.get(`https://httpbin.org/delay/1?req=${i}`)
          |                    ^
      351 |       )
      352 |
      353 |       const start = Date.now()

      at get (specs/archive/phase-2-services/contracts/tests/api-service.contract.test.ts:350:20)
          at Array.from (<anonymous>)
      at Object.from (specs/archive/phase-2-services/contracts/tests/api-service.contract.test.ts:349:30)

  ÔùÅ ApiService Contract Tests ÔÇ║ Type Safety Contract ÔÇ║ should provide correct TypeScript types

    TypeError: Cannot read properties of null (reading 'get')

      384 |     test('should provide correct TypeScript types', async () => {
      385 |       // These type assertions will fail compilation if types are wrong
    > 386 |       const response: ApiResponse<{ message: string }> = await apiService.get('https://httpbin.org/json')
          |                                                                           ^
      387 |
      388 |       expect(typeof response.data.message).toBe('string')
      389 |       expect(typeof response.status).toBe('number')

      at Object.get (specs/archive/phase-2-services/contracts/tests/api-service.contract.test.ts:386:75)

  ÔùÅ ApiService Contract Tests ÔÇ║ Type Safety Contract ÔÇ║ should handle generic type inference

    TypeError: Cannot read properties of null (reading 'get')

      398 |       }
      399 |
    > 400 |       const response = await apiService.get<TestData>('https://httpbin.org/json')
          |                                         ^
      401 |
      402 |       // TypeScript should infer correct types
      403 |       expect(typeof response.data.id).toBe('number')

      at Object.get (specs/archive/phase-2-services/contracts/tests/api-service.contract.test.ts:400:41)

  ÔùÅ ApiService Contract Tests ÔÇ║ Next.js Integration Contract ÔÇ║ should work in server-side rendering

    TypeError: Cannot read properties of null (reading 'get')

      415 |
      416 |       try {
    > 417 |         const response = await apiService.get('https://httpbin.org/get')
          |                                           ^
      418 |         expect(response.status).toBe(200)
      419 |       } finally {
      420 |         global.window = originalWindow

      at Object.get (specs/archive/phase-2-services/contracts/tests/api-service.contract.test.ts:417:43)

  ÔùÅ ApiService Contract Tests ÔÇ║ Next.js Integration Contract ÔÇ║ should support Next.js cache options

    TypeError: Cannot read properties of null (reading 'get')

      429 |       }
      430 |
    > 431 |       const response = await apiService.get('https://httpbin.org/get', config)
          |                                         ^
      432 |       expect(response.status).toBe(200)
      433 |     })
      434 |   })

      at Object.get (specs/archive/phase-2-services/contracts/tests/api-service.contract.test.ts:431:41)

PASS modules/ui/products-ui/tests/stores/products-ui.store.test.ts
PASS modules/data/user-data/tests/schemas/users.schema.test.ts
FAIL modules/ui/user-profile-ui/tests/hooks/useUsers.test.ts
  ÔùÅ useUsers ÔÇ║ createUser ÔÇ║ should generate unique IDs for new users

    Create failed

       95 |           error instanceof Error ? error.message : "Failed to create user";
       96 |         setUsersError(errorMessage);
    >  97 |         throw new Error(errorMessage);
          |               ^
       98 |       } finally {
       99 |         setUsersLoading(false);
      100 |       }

      at Object.createUser (modules/ui/user-profile-ui/src/hooks/useUsers.ts:97:15)
      at createUser (modules/ui/user-profile-ui/tests/hooks/useUsers.test.ts:255:38)
      at node_modules/.pnpm/@testing-library+react@15.0.7_@types+react@18.3.25_react-dom@18.3.1_react@18.3.1__react@18.3.1/node_modules/@testing-library/react/dist/act-compat.js:48:24
      at act (node_modules/.pnpm/react@18.3.1/node_modules/react/cjs/react.development.js:2512:16)
      at node_modules/.pnpm/@testing-library+react@15.0.7_@types+react@18.3.25_react-dom@18.3.1_react@18.3.1__react@18.3.1/node_modules/@testing-library/react/dist/act-compat.js:47:25
      at Object.<anonymous> (modules/ui/user-profile-ui/tests/hooks/useUsers.test.ts:254:16)

  ÔùÅ useUsers ÔÇ║ updateUser ÔÇ║ should set loading to false after update

    Update failed

      122 |           error instanceof Error ? error.message : "Failed to update user";
      123 |         setUsersError(errorMessage);
    > 124 |         throw new Error(errorMessage);
          |               ^
      125 |       } finally {
      126 |         setUsersLoading(false);
      127 |       }

      at Object.updateUser (modules/ui/user-profile-ui/src/hooks/useUsers.ts:124:15)
      at updateUser (modules/ui/user-profile-ui/tests/hooks/useUsers.test.ts:333:30)
      at node_modules/.pnpm/@testing-library+react@15.0.7_@types+react@18.3.25_react-dom@18.3.1_react@18.3.1__react@18.3.1/node_modules/@testing-library/react/dist/act-compat.js:48:24
      at act (node_modules/.pnpm/react@18.3.1/node_modules/react/cjs/react.development.js:2512:16)
      at node_modules/.pnpm/@testing-library+react@15.0.7_@types+react@18.3.25_react-dom@18.3.1_react@18.3.1__react@18.3.1/node_modules/@testing-library/react/dist/act-compat.js:47:25
      at Object.<anonymous> (modules/ui/user-profile-ui/tests/hooks/useUsers.test.ts:332:16)

  ÔùÅ useUsers ÔÇ║ deleteUser ÔÇ║ should set loading to false after deletion

    Delete failed

      145 |           error instanceof Error ? error.message : "Failed to delete user";
      146 |         setUsersError(errorMessage);
    > 147 |         throw new Error(errorMessage);
          |               ^
      148 |       } finally {
      149 |         setUsersLoading(false);
      150 |       }

      at Object.deleteUser (modules/ui/user-profile-ui/src/hooks/useUsers.ts:147:15)
      at deleteUser (modules/ui/user-profile-ui/tests/hooks/useUsers.test.ts:385:30)
      at node_modules/.pnpm/@testing-library+react@15.0.7_@types+react@18.3.25_react-dom@18.3.1_react@18.3.1__react@18.3.1/node_modules/@testing-library/react/dist/act-compat.js:48:24
      at act (node_modules/.pnpm/react@18.3.1/node_modules/react/cjs/react.development.js:2512:16)
      at node_modules/.pnpm/@testing-library+react@15.0.7_@types+react@18.3.25_react-dom@18.3.1_react@18.3.1__react@18.3.1/node_modules/@testing-library/react/dist/act-compat.js:47:25
      at Object.<anonymous> (modules/ui/user-profile-ui/tests/hooks/useUsers.test.ts:384:16)

  ÔùÅ useUsers ÔÇ║ Integration ÔÇ║ should perform complete CRUD cycle

    Create failed

       95 |           error instanceof Error ? error.message : "Failed to create user";
       96 |         setUsersError(errorMessage);
    >  97 |         throw new Error(errorMessage);
          |               ^
       98 |       } finally {
       99 |         setUsersLoading(false);
      100 |       }

      at Object.createUser (modules/ui/user-profile-ui/src/hooks/useUsers.ts:97:15)
      at createUser (modules/ui/user-profile-ui/tests/hooks/useUsers.test.ts:542:30)
      at node_modules/.pnpm/@testing-library+react@15.0.7_@types+react@18.3.25_react-dom@18.3.1_react@18.3.1__react@18.3.1/node_modules/@testing-library/react/dist/act-compat.js:48:24
      at act (node_modules/.pnpm/react@18.3.1/node_modules/react/cjs/react.development.js:2512:16)
      at node_modules/.pnpm/@testing-library+react@15.0.7_@types+react@18.3.25_react-dom@18.3.1_react@18.3.1__react@18.3.1/node_modules/@testing-library/react/dist/act-compat.js:47:25
      at Object.<anonymous> (modules/ui/user-profile-ui/tests/hooks/useUsers.test.ts:541:16)

PASS modules/data/orders-data/tests/queries/orders.queries.test.ts
PASS modules/logic/user-logic/tests/services/UserService.test.ts
PASS modules/ui/orders-ui/tests/stores/orders.store.test.ts
PASS modules/data/payments-data/tests/queries/payments.queries.test.ts
PASS modules/ui/payments-ui/tests/stores/payments.store.test.ts
PASS modules/logic/user-logic/tests/validations/UserValidation.test.ts
PASS modules/ui/user-profile-ui/tests/components/UserList.test.tsx
FAIL modules/logic/payments-logic/tests/services/PaymentsService.test.ts
  ÔùÅ PaymentsService ÔÇ║ getPayment ÔÇ║ should throw error when id is empty

    expect(received).rejects.toThrow()

    Received promise resolved instead of rejected
    Resolved to value: undefined

      117 |
      118 |     it("should throw error when id is empty", async () => {
    > 119 |       await expect(paymentsService.getPayment("")).rejects.toThrow(
          |             ^
      120 |         "Payment ID is required",
      121 |       );
      122 |     });

      at expect (node_modules/.pnpm/expect@29.7.0/node_modules/expect/build/index.js:113:15)
      at Object.expect (modules/logic/payments-logic/tests/services/PaymentsService.test.ts:119:13)

  ÔùÅ PaymentsService ÔÇ║ processPayment ÔÇ║ should not process already completed payment

    expect(received).rejects.toThrow(expected)

    Expected substring: "Cannot process payment with status: completed"
    Received message:   "Invalid status transition from 'completed' to 'processing'"

          177 |
          178 |     if (payment.status !== "pending") {
        > 179 |       throw new InvalidPaymentStatusError(payment.status, "processing");
              |             ^
          180 |     }
          181 |
          182 |     return this.repository.updateStatus(id, "processing");

      at PaymentsService.processPayment (modules/logic/payments-logic/src/services/payments.service.ts:179:13)
      at Object.<anonymous> (modules/logic/payments-logic/tests/services/PaymentsService.test.ts:287:7)
      at Object.toThrow (node_modules/.pnpm/expect@29.7.0/node_modules/expect/build/index.js:218:22)
      at Object.toThrow (modules/logic/payments-logic/tests/services/PaymentsService.test.ts:289:17)

  ÔùÅ PaymentsService ÔÇ║ failPayment ÔÇ║ should not fail already completed payment

    expect(received).rejects.toThrow(expected)

    Expected substring: "Cannot fail payment with status: completed"
    Received message:   "Invalid status transition from 'completed' to 'failed'"

          217 |
          218 |     if (!["pending", "processing"].includes(payment.status)) {
        > 219 |       throw new InvalidPaymentStatusError(payment.status, "failed");
              |             ^
          220 |     }
          221 |
          222 |     return this.repository.markAsFailed(id, reason);

      at PaymentsService.failPayment (modules/logic/payments-logic/src/services/payments.service.ts:219:13)
      at Object.<anonymous> (modules/logic/payments-logic/tests/services/PaymentsService.test.ts:352:7)
      at Object.toThrow (node_modules/.pnpm/expect@29.7.0/node_modules/expect/build/index.js:218:22)
      at Object.toThrow (modules/logic/payments-logic/tests/services/PaymentsService.test.ts:354:17)

  ÔùÅ PaymentsService ÔÇ║ refundPayment ÔÇ║ should not refund pending payment

    expect(received).rejects.toThrow(expected)

    Expected substring: "Cannot refund payment with status: pending"
    Received message:   "Refund not allowed for payment payment-123: Payment status is 'pending', must be 'completed'"

          238 |
          239 |     if (payment.status !== "completed") {
        > 240 |       throw new RefundNotAllowedError(
              |             ^
          241 |         id,
          242 |         `Payment status is '${payment.status}', must be 'completed'`,
          243 |       );

      at PaymentsService.refundPayment (modules/logic/payments-logic/src/services/payments.service.ts:240:13)
      at Object.<anonymous> (modules/logic/payments-logic/tests/services/PaymentsService.test.ts:415:7)
      at Object.toThrow (node_modules/.pnpm/expect@29.7.0/node_modules/expect/build/index.js:218:22)
      at Object.toThrow (modules/logic/payments-logic/tests/services/PaymentsService.test.ts:417:17)

  ÔùÅ PaymentsService ÔÇ║ getPaymentsByPayer ÔÇ║ should get payer payments

    expect(jest.fn()).toHaveBeenCalledWith(...expected)

    Expected: ObjectContaining {"payerId": "buyer-123"}
    Received: undefined

    Number of calls: 1

      452 |       const result = await paymentsService.getPaymentsByPayer("buyer-123");
      453 |
    > 454 |       expect(mockRepository.findMany).toHaveBeenCalledWith(
          |                                       ^
      455 |         expect.objectContaining({ payerId: "buyer-123" }),
      456 |       );
      457 |       expect(result).toEqual(mockPaymentList);

      at Object.toHaveBeenCalledWith (modules/logic/payments-logic/tests/services/PaymentsService.test.ts:454:39)

  ÔùÅ PaymentsService ÔÇ║ getPaymentsByPayee ÔÇ║ should get payee payments

    expect(jest.fn()).toHaveBeenCalledWith(...expected)

    Expected: ObjectContaining {"payeeId": "seller-456"}
    Received: undefined

    Number of calls: 1

      465 |       const result = await paymentsService.getPaymentsByPayee("seller-456");
      466 |
    > 467 |       expect(mockRepository.findMany).toHaveBeenCalledWith(
          |                                       ^
      468 |         expect.objectContaining({ payeeId: "seller-456" }),
      469 |       );
      470 |       expect(result).toEqual(mockPaymentList);

      at Object.toHaveBeenCalledWith (modules/logic/payments-logic/tests/services/PaymentsService.test.ts:467:39)

  ÔùÅ PaymentsService ÔÇ║ getPaymentsByPayee ÔÇ║ should filter payee payments by status

    expect(jest.fn()).toHaveBeenCalledWith(...expected)

    Expected: ObjectContaining {"payeeId": "seller-456", "status": "completed"}
    Received: undefined

    Number of calls: 1

      477 |       await paymentsService.getPaymentsByPayee("seller-456", filters);
      478 |
    > 479 |       expect(mockRepository.findMany).toHaveBeenCalledWith(
          |                                       ^
      480 |         expect.objectContaining({ payeeId: "seller-456", ...filters }),
      481 |       );
      482 |     });

      at Object.toHaveBeenCalledWith (modules/logic/payments-logic/tests/services/PaymentsService.test.ts:479:39)

PASS modules/ui/user-profile-ui/tests/stores/user.store.test.ts
PASS modules/ui/user-profile-ui/tests/hooks/useUser.test.ts
FAIL tests/example.spec.ts
  ÔùÅ Test suite failed to run

    Playwright Test needs to be invoked via 'npx playwright test' and excluded from Jest test runs.
    Creating one directory for Playwright tests and one for Jest is the recommended way of doing it.
    See https://playwright.dev/docs/intro for more information about Playwright Test.

      1 | import { test, expect } from "@playwright/test";
      2 |
    > 3 | test.describe("Template Base - Smoke Tests", () => {
        |      ^
      4 |   test("should load homepage", async ({ page }) => {
      5 |     await page.goto("/");
      6 |

      at throwIfRunningInsideJest (node_modules/.pnpm/playwright@1.55.1/node_modules/playwright/lib/common/testType.js:272:11)
      at TestTypeImpl._describe (node_modules/.pnpm/playwright@1.55.1/node_modules/playwright/lib/common/testType.js:113:5)
      at Function.describe (node_modules/.pnpm/playwright@1.55.1/node_modules/playwright/lib/transform/transform.js:275:12)
      at Object.describe (tests/example.spec.ts:3:6)

Test Suites: 8 failed, 11 passed, 19 total
Tests:       88 failed, 399 passed, 487 total
Snapshots:   0 total
Time:        8.831 s
Ran all test suites.
